GowinSynthesis start
Running parser ...
Analyzing Verilog file 'D:\github\HRA_product\Y8960_Cartridge\fpga\Y8960_Cartridge_TangPrimer25K\src\gowin_pll\gowin_pll.v'
Analyzing Verilog file 'D:\github\HRA_product\Y8960_Cartridge\fpga\Y8960_Cartridge_TangPrimer25K\src\gowin_pll\gowin_pll_mod.v'
Analyzing Verilog file 'D:\github\HRA_product\Y8960_Cartridge\fpga\Y8960_Cartridge_TangPrimer25K\src\i2s_audio\i2s_audio.v'
Analyzing Verilog file 'D:\github\HRA_product\Y8960_Cartridge\fpga\Y8960_Cartridge_TangPrimer25K\src\ikaopll\src\IKAOPLL.v'
Analyzing Verilog file 'D:\github\HRA_product\Y8960_Cartridge\fpga\Y8960_Cartridge_TangPrimer25K\src\ikaopll\src\IKAOPLL_modules\IKAOPLL_dac.v'
Analyzing Verilog file 'D:\github\HRA_product\Y8960_Cartridge\fpga\Y8960_Cartridge_TangPrimer25K\src\ikaopll\src\IKAOPLL_modules\IKAOPLL_eg.v'
Analyzing Verilog file 'D:\github\HRA_product\Y8960_Cartridge\fpga\Y8960_Cartridge_TangPrimer25K\src\ikaopll\src\IKAOPLL_modules\IKAOPLL_lfo.v'
Analyzing Verilog file 'D:\github\HRA_product\Y8960_Cartridge\fpga\Y8960_Cartridge_TangPrimer25K\src\ikaopll\src\IKAOPLL_modules\IKAOPLL_op.v'
Analyzing Verilog file 'D:\github\HRA_product\Y8960_Cartridge\fpga\Y8960_Cartridge_TangPrimer25K\src\ikaopll\src\IKAOPLL_modules\IKAOPLL_pg.v'
Analyzing Verilog file 'D:\github\HRA_product\Y8960_Cartridge\fpga\Y8960_Cartridge_TangPrimer25K\src\ikaopll\src\IKAOPLL_modules\IKAOPLL_primitives.v'
Analyzing Verilog file 'D:\github\HRA_product\Y8960_Cartridge\fpga\Y8960_Cartridge_TangPrimer25K\src\ikaopll\src\IKAOPLL_modules\IKAOPLL_timinggen.v'
Analyzing Verilog file 'D:\github\HRA_product\Y8960_Cartridge\fpga\Y8960_Cartridge_TangPrimer25K\src\ikaopll_patch\IKAOPLL_reg.v'
Analyzing Verilog file 'D:\github\HRA_product\Y8960_Cartridge\fpga\Y8960_Cartridge_TangPrimer25K\src\ikaopll_patch\opll.v'
Analyzing Verilog file 'D:\github\HRA_product\Y8960_Cartridge\fpga\Y8960_Cartridge_TangPrimer25K\src\ikascc\src\IKASCC.v'
Analyzing Verilog file 'D:\github\HRA_product\Y8960_Cartridge\fpga\Y8960_Cartridge_TangPrimer25K\src\ikascc\src\IKASCC_modules\IKASCC_player_s.v'
Analyzing Verilog file 'D:\github\HRA_product\Y8960_Cartridge\fpga\Y8960_Cartridge_TangPrimer25K\src\ikascc\src\IKASCC_modules\IKASCC_primitives.v'
Analyzing Verilog file 'D:\github\HRA_product\Y8960_Cartridge\fpga\Y8960_Cartridge_TangPrimer25K\src\ikascc_patch\IKASCC_vrc_s.v'
ERROR (EX3863) : Syntax error near 'else'("D:\github\HRA_product\Y8960_Cartridge\fpga\Y8960_Cartridge_TangPrimer25K\src\ikascc_patch\IKASCC_vrc_s.v":147)
ERROR (EX2656) : Verilog 2001 keyword 'else' used in incorrect context("D:\github\HRA_product\Y8960_Cartridge\fpga\Y8960_Cartridge_TangPrimer25K\src\ikascc_patch\IKASCC_vrc_s.v":147)
ERROR (EX3863) : Syntax error near 'endgenerate'("D:\github\HRA_product\Y8960_Cartridge\fpga\Y8960_Cartridge_TangPrimer25K\src\ikascc_patch\IKASCC_vrc_s.v":152)
ERROR (EX2656) : Verilog 2001 keyword 'endgenerate' used in incorrect context("D:\github\HRA_product\Y8960_Cartridge\fpga\Y8960_Cartridge_TangPrimer25K\src\ikascc_patch\IKASCC_vrc_s.v":152)
Verilog file 'D:\github\HRA_product\Y8960_Cartridge\fpga\Y8960_Cartridge_TangPrimer25K\src\ikascc_patch\IKASCC_vrc_s.v' ignored due to errors
Analyzing Verilog file 'D:\github\HRA_product\Y8960_Cartridge\fpga\Y8960_Cartridge_TangPrimer25K\src\ikascc_patch\scc.v'
Analyzing Verilog file 'D:\github\HRA_product\Y8960_Cartridge\fpga\Y8960_Cartridge_TangPrimer25K\src\msx_slot\msx_slot.v'
Undeclared symbol 'w_bus_ready', assumed default net type 'wire'("D:\github\HRA_product\Y8960_Cartridge\fpga\Y8960_Cartridge_TangPrimer25K\src\msx_slot\msx_slot.v":208)
Analyzing Verilog file 'D:\github\HRA_product\Y8960_Cartridge\fpga\Y8960_Cartridge_TangPrimer25K\src\opl2\src\jtopl.v'
Analyzing Verilog file 'D:\github\HRA_product\Y8960_Cartridge\fpga\Y8960_Cartridge_TangPrimer25K\src\opl2\src\jtopl2.v'
Analyzing Verilog file 'D:\github\HRA_product\Y8960_Cartridge\fpga\Y8960_Cartridge_TangPrimer25K\src\opl2\src\jtopl_acc.v'
Analyzing Verilog file 'D:\github\HRA_product\Y8960_Cartridge\fpga\Y8960_Cartridge_TangPrimer25K\src\opl2\src\jtopl_csr.v'
Analyzing Verilog file 'D:\github\HRA_product\Y8960_Cartridge\fpga\Y8960_Cartridge_TangPrimer25K\src\opl2\src\jtopl_div.v'
Analyzing Verilog file 'D:\github\HRA_product\Y8960_Cartridge\fpga\Y8960_Cartridge_TangPrimer25K\src\opl2\src\jtopl_eg.v'
Analyzing Verilog file 'D:\github\HRA_product\Y8960_Cartridge\fpga\Y8960_Cartridge_TangPrimer25K\src\opl2\src\jtopl_eg_cnt.v'
Analyzing Verilog file 'D:\github\HRA_product\Y8960_Cartridge\fpga\Y8960_Cartridge_TangPrimer25K\src\opl2\src\jtopl_eg_comb.v'
Analyzing Verilog file 'D:\github\HRA_product\Y8960_Cartridge\fpga\Y8960_Cartridge_TangPrimer25K\src\opl2\src\jtopl_eg_ctrl.v'
Analyzing Verilog file 'D:\github\HRA_product\Y8960_Cartridge\fpga\Y8960_Cartridge_TangPrimer25K\src\opl2\src\jtopl_eg_final.v'
Analyzing Verilog file 'D:\github\HRA_product\Y8960_Cartridge\fpga\Y8960_Cartridge_TangPrimer25K\src\opl2\src\jtopl_eg_pure.v'
Analyzing Verilog file 'D:\github\HRA_product\Y8960_Cartridge\fpga\Y8960_Cartridge_TangPrimer25K\src\opl2\src\jtopl_eg_step.v'
Analyzing Verilog file 'D:\github\HRA_product\Y8960_Cartridge\fpga\Y8960_Cartridge_TangPrimer25K\src\opl2\src\jtopl_exprom.v'
Analyzing Verilog file 'D:\github\HRA_product\Y8960_Cartridge\fpga\Y8960_Cartridge_TangPrimer25K\src\opl2\src\jtopl_lfo.v'
Analyzing Verilog file 'D:\github\HRA_product\Y8960_Cartridge\fpga\Y8960_Cartridge_TangPrimer25K\src\opl2\src\jtopl_logsin.v'
Analyzing Verilog file 'D:\github\HRA_product\Y8960_Cartridge\fpga\Y8960_Cartridge_TangPrimer25K\src\opl2\src\jtopl_mmr.v'
Analyzing Verilog file 'D:\github\HRA_product\Y8960_Cartridge\fpga\Y8960_Cartridge_TangPrimer25K\src\opl2\src\jtopl_noise.v'
Analyzing Verilog file 'D:\github\HRA_product\Y8960_Cartridge\fpga\Y8960_Cartridge_TangPrimer25K\src\opl2\src\jtopl_op.v'
Analyzing Verilog file 'D:\github\HRA_product\Y8960_Cartridge\fpga\Y8960_Cartridge_TangPrimer25K\src\opl2\src\jtopl_pg.v'
Analyzing Verilog file 'D:\github\HRA_product\Y8960_Cartridge\fpga\Y8960_Cartridge_TangPrimer25K\src\opl2\src\jtopl_pg_comb.v'
Analyzing Verilog file 'D:\github\HRA_product\Y8960_Cartridge\fpga\Y8960_Cartridge_TangPrimer25K\src\opl2\src\jtopl_pg_inc.v'
Analyzing Verilog file 'D:\github\HRA_product\Y8960_Cartridge\fpga\Y8960_Cartridge_TangPrimer25K\src\opl2\src\jtopl_pg_rhy.v'
Analyzing Verilog file 'D:\github\HRA_product\Y8960_Cartridge\fpga\Y8960_Cartridge_TangPrimer25K\src\opl2\src\jtopl_pg_sum.v'
Analyzing Verilog file 'D:\github\HRA_product\Y8960_Cartridge\fpga\Y8960_Cartridge_TangPrimer25K\src\opl2\src\jtopl_pm.v'
Analyzing Verilog file 'D:\github\HRA_product\Y8960_Cartridge\fpga\Y8960_Cartridge_TangPrimer25K\src\opl2\src\jtopl_reg.v'
Analyzing Verilog file 'D:\github\HRA_product\Y8960_Cartridge\fpga\Y8960_Cartridge_TangPrimer25K\src\opl2\src\jtopl_reg_ch.v'
Analyzing Verilog file 'D:\github\HRA_product\Y8960_Cartridge\fpga\Y8960_Cartridge_TangPrimer25K\src\opl2\src\jtopl_sh.v'
Analyzing Verilog file 'D:\github\HRA_product\Y8960_Cartridge\fpga\Y8960_Cartridge_TangPrimer25K\src\opl2\src\jtopl_sh_rst.v'
Analyzing Verilog file 'D:\github\HRA_product\Y8960_Cartridge\fpga\Y8960_Cartridge_TangPrimer25K\src\opl2\src\jtopl_single_acc.v'
Analyzing Verilog file 'D:\github\HRA_product\Y8960_Cartridge\fpga\Y8960_Cartridge_TangPrimer25K\src\opl2\src\jtopl_slot_cnt.v'
Analyzing Verilog file 'D:\github\HRA_product\Y8960_Cartridge\fpga\Y8960_Cartridge_TangPrimer25K\src\opl2\src\jtopl_timers.v'
Analyzing Verilog file 'D:\github\HRA_product\Y8960_Cartridge\fpga\Y8960_Cartridge_TangPrimer25K\src\opl2_patch\opl2.v'
Analyzing Verilog file 'D:\github\HRA_product\Y8960_Cartridge\fpga\Y8960_Cartridge_TangPrimer25K\src\pll_init.v'
Analyzing Verilog file 'D:\github\HRA_product\Y8960_Cartridge\fpga\Y8960_Cartridge_TangPrimer25K\src\sn76489_audio_patch\sn76489.v'
Analyzing Verilog file 'D:\github\HRA_product\Y8960_Cartridge\fpga\Y8960_Cartridge_TangPrimer25K\src\ssg\dual_ssg.v'
Analyzing Verilog file 'D:\github\HRA_product\Y8960_Cartridge\fpga\Y8960_Cartridge_TangPrimer25K\src\ssg\ssg_core.v'
Analyzing Verilog file 'D:\github\HRA_product\Y8960_Cartridge\fpga\Y8960_Cartridge_TangPrimer25K\src\timer\msx_timer.v'
Analyzing Verilog file 'D:\github\HRA_product\Y8960_Cartridge\fpga\Y8960_Cartridge_TangPrimer25K\src\timer\msx_timer_core.v'
Analyzing Verilog file 'D:\github\HRA_product\Y8960_Cartridge\fpga\Y8960_Cartridge_TangPrimer25K\src\y8960_cartridge_tangprimer25k.v'
WARN  (EX2830) : Data object 'w_bus_timer_ready' is already declared("D:\github\HRA_product\Y8960_Cartridge\fpga\Y8960_Cartridge_TangPrimer25K\src\y8960_cartridge_tangprimer25k.v":114)
Previous declaration of 'w_bus_timer_ready' is from here("D:\github\HRA_product\Y8960_Cartridge\fpga\Y8960_Cartridge_TangPrimer25K\src\y8960_cartridge_tangprimer25k.v":97)
WARN  (EX3671) : Second declaration of 'w_bus_timer_ready' is ignored("D:\github\HRA_product\Y8960_Cartridge\fpga\Y8960_Cartridge_TangPrimer25K\src\y8960_cartridge_tangprimer25k.v":114)
WARN  (EX2830) : Data object 'w_bus_opl2_ready' is already declared("D:\github\HRA_product\Y8960_Cartridge\fpga\Y8960_Cartridge_TangPrimer25K\src\y8960_cartridge_tangprimer25k.v":118)
Previous declaration of 'w_bus_opl2_ready' is from here("D:\github\HRA_product\Y8960_Cartridge\fpga\Y8960_Cartridge_TangPrimer25K\src\y8960_cartridge_tangprimer25k.v":98)
WARN  (EX3671) : Second declaration of 'w_bus_opl2_ready' is ignored("D:\github\HRA_product\Y8960_Cartridge\fpga\Y8960_Cartridge_TangPrimer25K\src\y8960_cartridge_tangprimer25k.v":118)
WARN  (EX2830) : Data object 'w_bus_opll_ready' is already declared("D:\github\HRA_product\Y8960_Cartridge\fpga\Y8960_Cartridge_TangPrimer25K\src\y8960_cartridge_tangprimer25k.v":122)
Previous declaration of 'w_bus_opll_ready' is from here("D:\github\HRA_product\Y8960_Cartridge\fpga\Y8960_Cartridge_TangPrimer25K\src\y8960_cartridge_tangprimer25k.v":99)
WARN  (EX3671) : Second declaration of 'w_bus_opll_ready' is ignored("D:\github\HRA_product\Y8960_Cartridge\fpga\Y8960_Cartridge_TangPrimer25K\src\y8960_cartridge_tangprimer25k.v":122)
WARN  (EX2830) : Data object 'w_bus_ssg_ready' is already declared("D:\github\HRA_product\Y8960_Cartridge\fpga\Y8960_Cartridge_TangPrimer25K\src\y8960_cartridge_tangprimer25k.v":124)
Previous declaration of 'w_bus_ssg_ready' is from here("D:\github\HRA_product\Y8960_Cartridge\fpga\Y8960_Cartridge_TangPrimer25K\src\y8960_cartridge_tangprimer25k.v":100)
WARN  (EX3671) : Second declaration of 'w_bus_ssg_ready' is ignored("D:\github\HRA_product\Y8960_Cartridge\fpga\Y8960_Cartridge_TangPrimer25K\src\y8960_cartridge_tangprimer25k.v":124)
WARN  (EX2830) : Data object 'w_bus_scc_ready' is already declared("D:\github\HRA_product\Y8960_Cartridge\fpga\Y8960_Cartridge_TangPrimer25K\src\y8960_cartridge_tangprimer25k.v":128)
Previous declaration of 'w_bus_scc_ready' is from here("D:\github\HRA_product\Y8960_Cartridge\fpga\Y8960_Cartridge_TangPrimer25K\src\y8960_cartridge_tangprimer25k.v":101)
WARN  (EX3671) : Second declaration of 'w_bus_scc_ready' is ignored("D:\github\HRA_product\Y8960_Cartridge\fpga\Y8960_Cartridge_TangPrimer25K\src\y8960_cartridge_tangprimer25k.v":128)
WARN  (EX2830) : Data object 'w_bus_dcsg_ready' is already declared("D:\github\HRA_product\Y8960_Cartridge\fpga\Y8960_Cartridge_TangPrimer25K\src\y8960_cartridge_tangprimer25k.v":134)
Previous declaration of 'w_bus_dcsg_ready' is from here("D:\github\HRA_product\Y8960_Cartridge\fpga\Y8960_Cartridge_TangPrimer25K\src\y8960_cartridge_tangprimer25k.v":102)
WARN  (EX3671) : Second declaration of 'w_bus_dcsg_ready' is ignored("D:\github\HRA_product\Y8960_Cartridge\fpga\Y8960_Cartridge_TangPrimer25K\src\y8960_cartridge_tangprimer25k.v":134)
Undeclared symbol 'clk_258m', assumed default net type 'wire'("D:\github\HRA_product\Y8960_Cartridge\fpga\Y8960_Cartridge_TangPrimer25K\src\y8960_cartridge_tangprimer25k.v":204)
Undeclared symbol 'clk_25m', assumed default net type 'wire'("D:\github\HRA_product\Y8960_Cartridge\fpga\Y8960_Cartridge_TangPrimer25K\src\y8960_cartridge_tangprimer25k.v":205)
Undeclared symbol 'reset_n', assumed default net type 'wire'("D:\github\HRA_product\Y8960_Cartridge\fpga\Y8960_Cartridge_TangPrimer25K\src\y8960_cartridge_tangprimer25k.v":269)
Undeclared symbol 'w_adpcm_sound_out_l0', assumed default net type 'wire'("D:\github\HRA_product\Y8960_Cartridge\fpga\Y8960_Cartridge_TangPrimer25K\src\y8960_cartridge_tangprimer25k.v":281)
Undeclared symbol 'w_adpcm_sound_out_r0', assumed default net type 'wire'("D:\github\HRA_product\Y8960_Cartridge\fpga\Y8960_Cartridge_TangPrimer25K\src\y8960_cartridge_tangprimer25k.v":282)
Undeclared symbol 'w_adpcm_sound_out_l1', assumed default net type 'wire'("D:\github\HRA_product\Y8960_Cartridge\fpga\Y8960_Cartridge_TangPrimer25K\src\y8960_cartridge_tangprimer25k.v":283)
Undeclared symbol 'w_adpcm_sound_out_r1', assumed default net type 'wire'("D:\github\HRA_product\Y8960_Cartridge\fpga\Y8960_Cartridge_TangPrimer25K\src\y8960_cartridge_tangprimer25k.v":284)
Undeclared symbol 'bus_ioreq', assumed default net type 'wire'("D:\github\HRA_product\Y8960_Cartridge\fpga\Y8960_Cartridge_TangPrimer25K\src\y8960_cartridge_tangprimer25k.v":316)
Undeclared symbol 'bus_valid', assumed default net type 'wire'("D:\github\HRA_product\Y8960_Cartridge\fpga\Y8960_Cartridge_TangPrimer25K\src\y8960_cartridge_tangprimer25k.v":317)
Undeclared symbol 'bus_write', assumed default net type 'wire'("D:\github\HRA_product\Y8960_Cartridge\fpga\Y8960_Cartridge_TangPrimer25K\src\y8960_cartridge_tangprimer25k.v":318)
Undeclared symbol 'bus_ssg_ready', assumed default net type 'wire'("D:\github\HRA_product\Y8960_Cartridge\fpga\Y8960_Cartridge_TangPrimer25K\src\y8960_cartridge_tangprimer25k.v":320)
Undeclared symbol 'bus_wdata', assumed default net type 'wire'("D:\github\HRA_product\Y8960_Cartridge\fpga\Y8960_Cartridge_TangPrimer25K\src\y8960_cartridge_tangprimer25k.v":321)
Undeclared symbol 'bus_ssg_rdata', assumed default net type 'wire'("D:\github\HRA_product\Y8960_Cartridge\fpga\Y8960_Cartridge_TangPrimer25K\src\y8960_cartridge_tangprimer25k.v":322)
Undeclared symbol 'bus_ssg_rdata_en', assumed default net type 'wire'("D:\github\HRA_product\Y8960_Cartridge\fpga\Y8960_Cartridge_TangPrimer25K\src\y8960_cartridge_tangprimer25k.v":323)
Undeclared symbol 'bus_memreq', assumed default net type 'wire'("D:\github\HRA_product\Y8960_Cartridge\fpga\Y8960_Cartridge_TangPrimer25K\src\y8960_cartridge_tangprimer25k.v":340)
Undeclared symbol 'bus_address', assumed default net type 'wire'("D:\github\HRA_product\Y8960_Cartridge\fpga\Y8960_Cartridge_TangPrimer25K\src\y8960_cartridge_tangprimer25k.v":341)
Undeclared symbol 'bus_scc_ready', assumed default net type 'wire'("D:\github\HRA_product\Y8960_Cartridge\fpga\Y8960_Cartridge_TangPrimer25K\src\y8960_cartridge_tangprimer25k.v":343)
Undeclared symbol 'bus_scc_rdata', assumed default net type 'wire'("D:\github\HRA_product\Y8960_Cartridge\fpga\Y8960_Cartridge_TangPrimer25K\src\y8960_cartridge_tangprimer25k.v":346)
Undeclared symbol 'bus_scc_rdata_en', assumed default net type 'wire'("D:\github\HRA_product\Y8960_Cartridge\fpga\Y8960_Cartridge_TangPrimer25K\src\y8960_cartridge_tangprimer25k.v":347)
Undeclared symbol 'scc_memory_cs', assumed default net type 'wire'("D:\github\HRA_product\Y8960_Cartridge\fpga\Y8960_Cartridge_TangPrimer25K\src\y8960_cartridge_tangprimer25k.v":348)
Undeclared symbol 'bus_dcsg_ready', assumed default net type 'wire'("D:\github\HRA_product\Y8960_Cartridge\fpga\Y8960_Cartridge_TangPrimer25K\src\y8960_cartridge_tangprimer25k.v":362)
ERROR (EX3989) : Cannot index into non-array type wire for 'bus_address'("D:\github\HRA_product\Y8960_Cartridge\fpga\Y8960_Cartridge_TangPrimer25K\src\y8960_cartridge_tangprimer25k.v":319)
ERROR (EX3928) : Module 'y8960cartridge_tangprimer25k' is ignored due to previous errors("D:\github\HRA_product\Y8960_Cartridge\fpga\Y8960_Cartridge_TangPrimer25K\src\y8960_cartridge_tangprimer25k.v":426)
Verilog file 'D:\github\HRA_product\Y8960_Cartridge\fpga\Y8960_Cartridge_TangPrimer25K\src\y8960_cartridge_tangprimer25k.v' ignored due to errors
Analyzing Verilog file 'D:\github\HRA_product\Y8960_Cartridge\fpga\Y8960_Cartridge_TangPrimer25K\src\adpcm\src\jt10_adpcm_div.v'
Analyzing Verilog file 'D:\github\HRA_product\Y8960_Cartridge\fpga\Y8960_Cartridge_TangPrimer25K\src\adpcm\src\jt10_adpcm_drvB.v'
Analyzing Verilog file 'D:\github\HRA_product\Y8960_Cartridge\fpga\Y8960_Cartridge_TangPrimer25K\src\adpcm\src\jt10_adpcmb.v'
Analyzing Verilog file 'D:\github\HRA_product\Y8960_Cartridge\fpga\Y8960_Cartridge_TangPrimer25K\src\adpcm\src\jt10_adpcmb_cnt.v'
Analyzing Verilog file 'D:\github\HRA_product\Y8960_Cartridge\fpga\Y8960_Cartridge_TangPrimer25K\src\adpcm\src\jt10_adpcmb_gain.v'
Analyzing Verilog file 'D:\github\HRA_product\Y8960_Cartridge\fpga\Y8960_Cartridge_TangPrimer25K\src\adpcm\src\jt10_adpcmb_interpol.v'
Analyzing Verilog file 'D:\github\HRA_product\Y8960_Cartridge\fpga\Y8960_Cartridge_TangPrimer25K\src\adpcm_patch\adpcm.v'
Undeclared symbol 'w_cen55', assumed default net type 'wire'("D:\github\HRA_product\Y8960_Cartridge\fpga\Y8960_Cartridge_TangPrimer25K\src\adpcm_patch\adpcm.v":57)
Analyzing Verilog file 'D:\github\HRA_product\Y8960_Cartridge\fpga\Y8960_Cartridge_TangPrimer25K\src\ssram\ssram.v'
Analyzing Verilog file 'D:\github\HRA_product\Y8960_Cartridge\fpga\Y8960_Cartridge_TangPrimer25K\src\sfrom\sfrom.v'
Analyzing VHDL file 'D:\github\HRA_product\Y8960_Cartridge\fpga\Y8960_Cartridge_TangPrimer25K\src\sn76489_audio\src\sn76489_audio.vhd'
Analyzing entity 'sn76489_audio'("D:\github\HRA_product\Y8960_Cartridge\fpga\Y8960_Cartridge_TangPrimer25K\src\sn76489_audio\src\sn76489_audio.vhd":108)
Analyzing architecture 'rtl'("D:\github\HRA_product\Y8960_Cartridge\fpga\Y8960_Cartridge_TangPrimer25K\src\sn76489_audio\src\sn76489_audio.vhd":136)
GowinSynthesis finish
